-- This file and its contents are licensed under the Apache License 2.0.
-- Please see the included NOTICE for copyright information and
-- LICENSE-APACHE for a copy of the license.
\set ECHO errors
                item                
------------------------------------
 db_util_wizard=a/db_util_wizard
 db_util_wizard=ar/db_util_wizard
 db_util_wizard=a*/db_util_wizard
 db_util_wizard=a*r*/db_util_wizard
 [NULL]
 [NULL]
 [NULL]
 [NULL]
 =a*r*/db_util_wizard
 db_util_wizard=a*r*/0
(10 rows)

